<table align="center" width="100%" border="0" cellpadding="0" cellspacing="0" role="presentation" style="max-width:37.5em;color:red">
    <tbody>
        <tr style="width:100%">
            <td>
                Bar
            </td>
        </tr>
    </tbody>
</table>