<a target="_blank" href="https://example.com" style="color:red;text-decoration-line:none">
    Bar
</a>