<html lang="en" dir="ltr">
    <head>
    <meta content="text/html; charset=UTF-8" http-equiv="Content-Type">
    <meta name="x-apple-disable-message-reformatting">
    
</head><body style="margin:0;font-family:Helvetica">
    <table align="center" width="100%" border="0" cellpadding="0" cellspacing="0" role="presentation" style="max-width:37.5em">
    <tbody>
        <tr style="width:100%">
            <td>
                <table align="center" width="100%" border="0" cellpadding="0" cellspacing="0" role="presentation">
    <tbody>
        <tr style="width:100%">
            <td>
                <p >
    Foo
</p><hr style="width:100%;border:0;margin:0">
            </td>
        </tr>
    </tbody>
</table><p >
    Foo
</p><table align="center" width="100%" border="0" cellpadding="0" cellspacing="0" role="presentation">
    <tbody>
        <tr style="width:100%">
            <td>
                <p >
    Foo
</p><hr style="width:100%;border:0;margin:0"><p >
    Bar
</p>
            </td>
        </tr>
    </tbody>
</table>
            </td>
        </tr>
    </tbody>
</table>
</body>
</html>