<html lang="en" dir="ltr">
    <head>
    <meta content="text/html; charset=UTF-8" http-equiv="Content-Type">
    <meta name="x-apple-disable-message-reformatting">
    
</head><body style="margin:0;font-family:Helvetica">
    <table align="center" width="100%" border="0" cellpadding="0" cellspacing="0" role="presentation" style="max-width:37.5em">
    <tbody>
        <tr style="width:100%">
            <td>
                <table align="center" width="100%" border="0" cellpadding="0" cellspacing="0" role="presentation">
    <tbody>
        <tr style="width:100%">
            <td>
                <p >
    Foo
</p><hr style="width:100%;border:0;margin:0">
            </td>
        </tr>
    </tbody>
</table><a style="line-height:100%;text-decoration:none;display:inline-block;max-width:100%;box-sizing:border-box;font-size:14px;padding:8px 10px;font-weight:500;border-top-right-radius:4px;border-bottom-right-radius:4px;border-bottom-left-radius:4px;border-top-left-radius:4px;text-align:center;background-color:rgb(79,70,229);color:rgb(255,255,255)" target="_blank" href="https://example.com">
    Click me
</a><p >
    Foo
</p><table align="center" width="100%" border="0" cellpadding="0" cellspacing="0" role="presentation">
    <tbody>
        <tr style="width:100%">
            <td>
                <p >
    Foo
</p><hr style="width:100%;border:0;margin:0"><p >
    Bar
</p>
            </td>
        </tr>
    </tbody>
</table>
            </td>
        </tr>
    </tbody>
</table>
</body>
</html>