<div style="display:none;overflow:hidden;line-height:1px;opacity:0;max-height:0;max-width:0">Foo\xa0\u200C\u200B\u200D\u200E\u200F\uFEFF\xa0\u200C\u200B\u200D\u200E\u200F\uFEFF\xa0\u200C\u200B\u200D\u200E\u200F\uFEFF\xa0\u200C\u200B\u200D\u200E\u200F\uFEFF\xa0\u200C\u200B\u200D\u200E\u200F\uFEFF\xa0\u200C\u200B\u200D\u200E\u200F\uFEFF\xa0\u200C\u200B\u200D\u200E\u200F\uFEFF\xa0\u200C\u200B\u200D\u200E\u200F\uFEFF\xa0\u200C\u200B\u200D\u200E\u200F\uFEFF\xa0\u200C\u200B\u200D\u200E\u200F\uFEFF\xa0\u200C\u200B\u200D\u200E\u200F\uFEFF\xa0\u200C\u200B\u200D\u200E\u200F\uFEFF\xa0\u200C\u200B\u200D\u200E\u200F\uFEFF\xa0\u200C\u200B\u200D\u200E\u200F\uFEFF\xa0\u200C\u200B\u200D\u200E\u200F\uFEFF\xa0\u200C\u200B\u200D\u200E\u200F\uFEFF\xa0\u200C\u200B\u200D\u200E\u200F\uFEFF\xa0\u200C\u200B\u200D\u200E\u200F\uFEFF\xa0\u200C\u200B\u200D\u200E\u200F\uFEFF\xa0\u200C\u200B\u200D\u200E\u200F\uFEFF\xa0\u200C\u200B\u200D\u200E\u200F\uFEFF\xa0\u200C\u200B\u200D\u200E\u200F\uFEFF\xa0\u200C\u200B\u200D\u200E\u200F\uFEFF\xa0\u200C\u200B\u200D\u200E\u200F\uFEFF\xa0\u200C\u200B\u200D\u200E\u200F\uFEFF\xa0\u200C\u200B\u200D\u200E\u200F\uFEFF\xa0\u200C\u200B\u200D\u200E\u200F\uFEFF\xa0\u200C\u200B\u200D\u200E\u200F\uFEFF\xa0\u200C\u200B\u200D\u200E\u200F\uFEFF\xa0\u200C\u200B\u200D\u200E\u200F\uFEFF\xa0\u200C\u200B\u200D\u200E\u200F\uFEFF\xa0\u200C\u200B\u200D\u200E\u200F\uFEFF\xa0\u200C\u200B\u200D\u200E\u200F\uFEFF\xa0\u200C\u200B\u200D\u200E\u200F\uFEFF\xa0\u200C\u200B\u200D\u200E\u200F\uFEFF\xa0\u200C\u200B\u200D\u200E\u200F\uFEFF\xa0\u200C\u200B\u200D\u200E\u200F\uFEFF\xa0\u200C\u200B\u200D\u200E\u200F\uFEFF\xa0\u200C\u200B\u200D\u200E\u200F\uFEFF\xa0\u200C\u200B\u200D\u200E\u200F\uFEFF\xa0\u200C\u200B\u200D\u200E\u200F\uFEFF\xa0\u200C\u200B\u200D\u200E\u200F\uFEFF\xa0\u200C\u200B\u200D\u200E\u200F\uFEFF\xa0\u200C\u200B\u200D\u200E\u200F\uFEFF\xa0\u200C\u200B\u200D\u200E\u200F\uFEFF\xa0\u200C\u200B\u200D\u200E\u200F\uFEFF\xa0\u200C\u200B\u200D\u200E\u200F\uFEFF\xa0\u200C\u200B\u200D\u200E\u200F\uFEFF\xa0\u200C\u200B\u200D\u200E\u200F\uFEFF\xa0\u200C\u200B\u200D\u200E\u200F\uFEFF\xa0\u200C\u200B\u200D\u200E\u200F\uFEFF\xa0\u200C\u200B\u200D\u200E\u200F\uFEFF\xa0\u200C\u200B\u200D\u200E\u200F\uFEFF\xa0\u200C\u200B\u200D\u200E\u200F\uFEFF\xa0\u200C\u200B\u200D\u200E\u200F\uFEFF\xa0\u200C\u200B\u200D\u200E\u200F\uFEFF\xa0\u200C\u200B\u200D\u200E\u200F\uFEFF\xa0\u200C\u200B\u200D\u200E\u200F\uFEFF\xa0\u200C\u200B\u200D\u200E\u200F\uFEFF\xa0\u200C\u200B\u200D\u200E\u200F\uFEFF\xa0\u200C\u200B\u200D\u200E\u200F\uFEFF\xa0\u200C\u200B\u200D\u200E\u200F\uFEFF\xa0\u200C\u200B\u200D\u200E\u200F\uFEFF\xa0\u200C\u200B\u200D\u200E\u200F\uFEFF\xa0\u200C\u200B\u200D\u200E\u200F\uFEFF\xa0\u200C\u200B\u200D\u200E\u200F\uFEFF\xa0\u200C\u200B\u200D\u200E\u200F\uFEFF\xa0\u200C\u200B\u200D\u200E\u200F\uFEFF\xa0\u200C\u200B\u200D\u200E\u200F\uFEFF\xa0\u200C\u200B\u200D\u200E\u200F\uFEFF\xa0\u200C\u200B\u200D\u200E\u200F\uFEFF\xa0\u200C\u200B\u200D\u200E\u200F\uFEFF\xa0\u200C\u200B\u200D\u200E\u200F\uFEFF\xa0\u200C\u200B\u200D\u200E\u200F\uFEFF\xa0\u200C\u200B\u200D\u200E\u200F\uFEFF\xa0\u200C\u200B\u200D\u200E\u200F\uFEFF\xa0\u200C\u200B\u200D\u200E\u200F\uFEFF\xa0\u200C\u200B\u200D\u200E\u200F\uFEFF\xa0\u200C\u200B\u200D\u200E\u200F\uFEFF\xa0\u200C\u200B\u200D\u200E\u200F\uFEFF\xa0\u200C\u200B\u200D\u200E\u200F\uFEFF\xa0\u200C\u200B\u200D\u200E\u200F\uFEFF\xa0\u200C\u200B\u200D\u200E\u200F\uFEFF\xa0\u200C\u200B\u200D\u200E\u200F\uFEFF\xa0\u200C\u200B\u200D\u200E\u200F\uFEFF\xa0\u200C\u200B\u200D\u200E\u200F\uFEFF\xa0\u200C\u200B\u200D\u200E\u200F\uFEFF\xa0\u200C\u200B\u200D\u200E\u200F\uFEFF\xa0\u200C\u200B\u200D\u200E\u200F\uFEFF\xa0\u200C\u200B\u200D\u200E\u200F\uFEFF\xa0\u200C\u200B\u200D\u200E\u200F\uFEFF\xa0\u200C\u200B\u200D\u200E\u200F\uFEFF\xa0\u200C\u200B\u200D\u200E\u200F\uFEFF\xa0\u200C\u200B\u200D\u200E\u200F\uFEFF\xa0\u200C\u200B\u200D\u200E\u200F\uFEFF\xa0\u200C\u200B\u200D\u200E\u200F\uFEFF\xa0\u200C\u200B\u200D\u200E\u200F\uFEFF\xa0\u200C\u200B\u200D\u200E\u200F\uFEFF\xa0\u200C\u200B\u200D\u200E\u200F\uFEFF\xa0\u200C\u200B\u200D\u200E\u200F\uFEFF\xa0\u200C\u200B\u200D\u200E\u200F\uFEFF\xa0\u200C\u200B\u200D\u200E\u200F\uFEFF\xa0\u200C\u200B\u200D\u200E\u200F\uFEFF\xa0\u200C\u200B\u200D\u200E\u200F\uFEFF\xa0\u200C\u200B\u200D\u200E\u200F\uFEFF\xa0\u200C\u200B\u200D\u200E\u200F\uFEFF\xa0\u200C\u200B\u200D\u200E\u200F\uFEFF\xa0\u200C\u200B\u200D\u200E\u200F\uFEFF\xa0\u200C\u200B\u200D\u200E\u200F\uFEFF\xa0\u200C\u200B\u200D\u200E\u200F\uFEFF\xa0\u200C\u200B\u200D\u200E\u200F\uFEFF\xa0\u200C\u200B\u200D\u200E\u200F\uFEFF\xa0\u200C\u200B\u200D\u200E\u200F\uFEFF\xa0\u200C\u200B\u200D\u200E\u200F\uFEFF\xa0\u200C\u200B\u200D\u200E\u200F\uFEFF\xa0\u200C\u200B\u200D\u200E\u200F\uFEFF\xa0\u200C\u200B\u200D\u200E\u200F\uFEFF\xa0\u200C\u200B\u200D\u200E\u200F\uFEFF\xa0\u200C\u200B\u200D\u200E\u200F\uFEFF\xa0\u200C\u200B\u200D\u200E\u200F\uFEFF\xa0\u200C\u200B\u200D\u200E\u200F\uFEFF\xa0\u200C\u200B\u200D\u200E\u200F\uFEFF\xa0\u200C\u200B\u200D\u200E\u200F\uFEFF\xa0\u200C\u200B\u200D\u200E\u200F\uFEFF\xa0\u200C\u200B\u200D\u200E\u200F\uFEFF\xa0\u200C\u200B\u200D\u200E\u200F\uFEFF\xa0\u200C\u200B\u200D\u200E\u200F\uFEFF\xa0\u200C\u200B\u200D\u200E\u200F\uFEFF\xa0\u200C\u200B\u200D\u200E\u200F\uFEFF\xa0\u200C\u200B\u200D\u200E\u200F\uFEFF\xa0\u200C\u200B\u200D\u200E\u200F\uFEFF\xa0\u200C\u200B\u200D\u200E\u200F\uFEFF\xa0\u200C\u200B\u200D\u200E\u200F\uFEFF\xa0\u200C\u200B\u200D\u200E\u200F\uFEFF\xa0\u200C\u200B\u200D\u200E\u200F\uFEFF\xa0\u200C\u200B\u200D\u200E\u200F\uFEFF\xa0\u200C\u200B\u200D\u200E\u200F\uFEFF\xa0\u200C\u200B\u200D\u200E\u200F\uFEFF\xa0\u200C\u200B\u200D\u200E\u200F\uFEFF\xa0\u200C\u200B\u200D\u200E\u200F\uFEFF\xa0\u200C\u200B\u200D\u200E\u200F\uFEFF\xa0\u200C\u200B\u200D\u200E\u200F\uFEFF\xa0\u200C\u200B\u200D\u200E\u200F\uFEFF\xa0\u200C\u200B\u200D\u200E\u200F\uFEFF\xa0\u200C\u200B\u200D\u200E\u200F\uFEFF\xa0\u200C\u200B\u200D\u200E\u200F\uFEFF\xa0\u200C\u200B\u200D\u200E\u200F\uFEFF</div>