<hr style="width:100%;border:0;margin:0;color:red">