<a style="line-height:100%;text-decoration:none;display:inline-block;max-width:100%;box-sizing:border-box;font-size:14px;padding:8px 10px;font-weight:500;border-top-right-radius:4px;border-bottom-right-radius:4px;border-bottom-left-radius:4px;border-top-left-radius:4px;text-align:center;background-color:rgb(79,70,229);color:red" target="_blank">
    Bar
</a>