<body style="margin:0;font-family:Helvetica;color:red">
    Bar
</body>