<img src="https://example.com" width="0" height="0" alt="picture" style="display:block;outline:none;border:none;textDecoration:none;color:red">