Foo

Click me

[https://example.com]

Foo

Foo

Bar