Foo

Click me

[https://example.com]

Bar

Foo

Bar